{
  "locals": {
    "empty": [
      {
        "kind": "Var",
        "pos": 3
      }
    ]
  },
  "statements": [
    {
      "kind": "Var",
      "name": {
        "kind": "Identifier",
        "text": "empty"
      },
      "init": {
        "kind": "ObjectLiteral",
        "properties": {}
      }
    }
  ]
}