{
  "locals": {
    "x": [
      {
        "kind": "Let",
        "pos": 3
      },
      {
        "kind": "TypeAlias",
        "pos": 15
      }
    ]
  },
  "statements": [
    {
      "kind": "Let",
      "name": {
        "kind": "Identifier",
        "text": "x"
      },
      "init": {
        "kind": "Literal",
        "value": 1
      }
    },
    {
      "kind": "TypeAlias",
      "name": {
        "kind": "Identifier",
        "text": "x"
      },
      "typename": {
        "kind": "Identifier",
        "text": "number"
      }
    }
  ]
}