{
  "locals": {
    "I": [
      {
        "kind": "TypeAlias",
        "pos": 4
      }
    ]
  },
  "statements": [
    {
      "kind": "TypeAlias",
      "name": {
        "kind": "Identifier",
        "text": "I"
      },
      "typename": {
        "kind": "Identifier",
        "text": "number"
      }
    },
    {
      "kind": "Interface",
      "name": {
        "kind": "Identifier",
        "text": "I"
      },
      "members": {
        "0": {
          "kind": "PropertySignature",
          "name": {
            "kind": "Identifier",
            "text": "x"
          },
          "typename": {
            "kind": "Identifier",
            "text": "number"
          }
        }
      }
    }
  ]
}